// Jest Snapshot v1, https://goo.gl/fbAQLP

exports[`model-description return errors if a definition is missing description 1`] = `
Array [
  Object {
    "code": "model-description",
    "message": "Model \`description\` must be present and non-empty string.",
    "path": Array [
      "components",
      "schemas",
      "user",
      "description",
    ],
    "range": Object {
      "end": Object {
        "character": 16,
        "line": 5,
      },
      "start": Object {
        "character": 13,
        "line": 5,
      },
    },
    "severity": 1,
    "source": undefined,
    "summary": "Model \`description\` must be present and non-empty string.",
  },
]
`;
