// Jest Snapshot v1, https://goo.gl/fbAQLP

exports[`server-trailing-slash return errors if server url ends with a slash 1`] = `
Array [
  Object {
    "code": "server-trailing-slash",
    "message": "Server URL should not have a trailing slash.",
    "path": Array [
      "servers",
      0,
      "url",
    ],
    "range": Object {
      "end": Object {
        "character": 36,
        "line": 5,
      },
      "start": Object {
        "character": 13,
        "line": 5,
      },
    },
    "severity": 1,
    "source": undefined,
    "summary": "Server URL should not have a trailing slash.",
  },
]
`;
