// Jest Snapshot v1, https://goo.gl/fbAQLP

exports[`validation validate multiple formats with same validator 1`] = `
Array [
  Object {
    "message": "should be string",
    "path": Array [
      "$",
      "info",
      "license",
      "name",
    ],
  },
]
`;
