// Jest Snapshot v1, https://goo.gl/fbAQLP

exports[`contact-properties return errors if name, url, email are missing 1`] = `
Array [
  Object {
    "code": "contact-properties",
    "message": "Contact object should have \`name\`, \`url\` and \`email\`.",
    "path": Array [
      "info",
      "contact",
      "name",
    ],
    "range": Object {
      "end": Object {
        "character": 17,
        "line": 4,
      },
      "start": Object {
        "character": 14,
        "line": 4,
      },
    },
    "severity": 1,
    "source": undefined,
    "summary": "Contact object should have \`name\`, \`url\` and \`email\`.",
  },
  Object {
    "code": "contact-properties",
    "message": "Contact object should have \`name\`, \`url\` and \`email\`.",
    "path": Array [
      "info",
      "contact",
      "url",
    ],
    "range": Object {
      "end": Object {
        "character": 17,
        "line": 4,
      },
      "start": Object {
        "character": 14,
        "line": 4,
      },
    },
    "severity": 1,
    "source": undefined,
    "summary": "Contact object should have \`name\`, \`url\` and \`email\`.",
  },
  Object {
    "code": "contact-properties",
    "message": "Contact object should have \`name\`, \`url\` and \`email\`.",
    "path": Array [
      "info",
      "contact",
      "email",
    ],
    "range": Object {
      "end": Object {
        "character": 17,
        "line": 4,
      },
      "start": Object {
        "character": 14,
        "line": 4,
      },
    },
    "severity": 1,
    "source": undefined,
    "summary": "Contact object should have \`name\`, \`url\` and \`email\`.",
  },
]
`;
