// Jest Snapshot v1, https://goo.gl/fbAQLP

exports[`info-description return errors if info missing description 1`] = `
Array [
  Object {
    "code": "info-description",
    "message": "OpenAPI object info \`description\` must be present and non-empty string.",
    "path": Array [
      "info",
      "description",
    ],
    "range": Object {
      "end": Object {
        "character": 28,
        "line": 5,
      },
      "start": Object {
        "character": 9,
        "line": 3,
      },
    },
    "severity": 1,
    "source": undefined,
    "summary": "OpenAPI object info \`description\` must be present and non-empty string.",
  },
]
`;
