// Jest Snapshot v1, https://goo.gl/fbAQLP

exports[`license-url return errors if info license is missing url 1`] = `
Array [
  Object {
    "code": "license-url",
    "message": "License object should include \`url\`.",
    "path": Array [
      "info",
      "license",
      "url",
    ],
    "range": Object {
      "end": Object {
        "character": 19,
        "line": 5,
      },
      "start": Object {
        "character": 14,
        "line": 4,
      },
    },
    "severity": 1,
    "source": undefined,
    "summary": "License object should include \`url\`.",
  },
]
`;
