// Jest Snapshot v1, https://goo.gl/fbAQLP

exports[`no-eval-in-markdown return errors if descriptions or titles include eval 1`] = `
Array [
  Object {
    "code": "no-eval-in-markdown",
    "message": "Markdown descriptions should not contain \`eval(\`.",
    "path": Array [
      "info",
      "description",
    ],
    "range": Object {
      "end": Object {
        "character": 52,
        "line": 5,
      },
      "start": Object {
        "character": 19,
        "line": 5,
      },
    },
    "severity": 1,
    "source": undefined,
    "summary": "Markdown descriptions should not contain \`eval(\`.",
  },
  Object {
    "code": "no-eval-in-markdown",
    "message": "Markdown descriptions should not contain \`eval(\`.",
    "path": Array [
      "info",
      "title",
    ],
    "range": Object {
      "end": Object {
        "character": 40,
        "line": 4,
      },
      "start": Object {
        "character": 13,
        "line": 4,
      },
    },
    "severity": 1,
    "source": undefined,
    "summary": "Markdown descriptions should not contain \`eval(\`.",
  },
]
`;
