// Jest Snapshot v1, https://goo.gl/fbAQLP

exports[`no-script-tags-in-markdown return errors if descriptions include <script 1`] = `
Array [
  Object {
    "code": "no-script-tags-in-markdown",
    "message": "Markdown descriptions should not contain \`<script>\` tags.",
    "path": Array [
      "info",
      "description",
    ],
    "range": Object {
      "end": Object {
        "character": 54,
        "line": 4,
      },
      "start": Object {
        "character": 19,
        "line": 4,
      },
    },
    "severity": 1,
    "source": undefined,
    "summary": "Markdown descriptions should not contain \`<script>\` tags.",
  },
]
`;
