// Jest Snapshot v1, https://goo.gl/fbAQLP

exports[`openapi-tags return errors if missing tags 1`] = `
Array [
  Object {
    "code": "openapi-tags",
    "message": "OpenAPI object should have non-empty \`tags\` array.",
    "path": Array [
      "tags",
    ],
    "range": Object {
      "end": Object {
        "character": 13,
        "line": 2,
      },
      "start": Object {
        "character": 0,
        "line": 0,
      },
    },
    "severity": 1,
    "source": undefined,
    "summary": "OpenAPI object should have non-empty \`tags\` array.",
  },
]
`;
