// Jest Snapshot v1, https://goo.gl/fbAQLP

exports[`openapi-tags-alphabetical return errors if tags is not in alphabetical order 1`] = `
Array [
  Object {
    "code": "openapi-tags-alphabetical",
    "message": "OpenAPI object should have alphabetical \`tags\`.",
    "path": Array [
      "tags",
    ],
    "range": Object {
      "end": Object {
        "character": 21,
        "line": 8,
      },
      "start": Object {
        "character": 9,
        "line": 3,
      },
    },
    "severity": 1,
    "source": undefined,
    "summary": "OpenAPI object should have alphabetical \`tags\`.",
  },
]
`;
