// Jest Snapshot v1, https://goo.gl/fbAQLP

exports[`operation-singular-tag return errors if tags has more than 1 1`] = `
Array [
  Object {
    "code": "operation-singular-tag",
    "message": "Operation may only have one tag.",
    "path": Array [
      "paths",
      "/todos",
      "get",
      "tags",
    ],
    "range": Object {
      "end": Object {
        "character": 19,
        "line": 7,
      },
      "start": Object {
        "character": 15,
        "line": 5,
      },
    },
    "severity": 1,
    "source": undefined,
    "summary": "Operation may only have one tag.",
  },
]
`;
