// Jest Snapshot v1, https://goo.gl/fbAQLP

exports[`operation-description does not get called on parameters 1`] = `Array []`;

exports[`operation-description return errors if operation description is missing 1`] = `
Array [
  Object {
    "code": "operation-description",
    "message": "Operation \`description\` must be present and non-empty string.",
    "path": Array [
      "paths",
      "/todos",
      "get",
      "description",
    ],
    "range": Object {
      "end": Object {
        "character": 15,
        "line": 4,
      },
      "start": Object {
        "character": 12,
        "line": 4,
      },
    },
    "severity": 1,
    "source": undefined,
    "summary": "Operation \`description\` must be present and non-empty string.",
  },
]
`;
