// Jest Snapshot v1, https://goo.gl/fbAQLP

exports[`operation-default-response return errors if path-responses is missing default 1`] = `
Array [
  Object {
    "code": "operation-default-response",
    "message": "Operations must have a default response.",
    "path": Array [
      "paths",
      "/path",
      "/get",
      "responses",
      "default",
    ],
    "range": Object {
      "end": Object {
        "character": 19,
        "line": 6,
      },
      "start": Object {
        "character": 20,
        "line": 5,
      },
    },
    "severity": 1,
    "source": undefined,
    "summary": "Operations must have a default response.",
  },
]
`;
