// Jest Snapshot v1, https://goo.gl/fbAQLP

exports[`operation-operationId does not get called on parameters 1`] = `Array []`;

exports[`operation-operationId return errors if operation id is missing 1`] = `
Array [
  Object {
    "code": "operation-operationId",
    "message": "Operation should have an \`operationId\`.",
    "path": Array [
      "paths",
      "/todos",
      "get",
      "operationId",
    ],
    "range": Object {
      "end": Object {
        "character": 15,
        "line": 4,
      },
      "start": Object {
        "character": 12,
        "line": 4,
      },
    },
    "severity": 1,
    "source": undefined,
    "summary": "Operation should have an \`operationId\`.",
  },
]
`;
