// Jest Snapshot v1, https://goo.gl/fbAQLP

exports[`path-keys-no-trailing-slash return errors if path ends with a slash 1`] = `
Array [
  Object {
    "message": "must not match the pattern '.+\\\\/$'",
    "name": "path-keys-no-trailing-slash",
    "path": Array [
      "paths",
      "/path/",
    ],
    "severity": 40,
    "severityLabel": "warn",
    "summary": "given keys should not end with a slash.",
  },
]
`;
