// Jest Snapshot v1, https://goo.gl/fbAQLP

exports[`path-not-include-query return errors if includes a query 1`] = `
Array [
  Object {
    "code": "path-not-include-query",
    "message": "given keys should not include a query string.",
    "path": Array [
      "paths",
      "/path?query=true",
    ],
    "range": Object {
      "end": Object {
        "character": 26,
        "line": 3,
      },
      "start": Object {
        "character": 23,
        "line": 3,
      },
    },
    "severity": 1,
    "source": undefined,
    "summary": "given keys should not include a query string.",
  },
]
`;
