// Jest Snapshot v1, https://goo.gl/fbAQLP

exports[`path-declarations-must-exist return errors if parameter is empty 1`] = `
Array [
  Object {
    "code": "path-declarations-must-exist",
    "message": "given declarations cannot be empty, ex.\`/given/{}\` is invalid.",
    "path": Array [
      "paths",
      "/path/{}",
    ],
    "range": Object {
      "end": Object {
        "character": 18,
        "line": 3,
      },
      "start": Object {
        "character": 15,
        "line": 3,
      },
    },
    "severity": 1,
    "source": undefined,
    "summary": "given declarations cannot be empty, ex.\`/given/{}\` is invalid.",
  },
]
`;
