// Jest Snapshot v1, https://goo.gl/fbAQLP

exports[`tag-description return errors if tag has no description 1`] = `
Array [
  Object {
    "code": "tag-description",
    "message": "Tag object should have a \`description\`.",
    "path": Array [
      "tags",
      0,
      "description",
    ],
    "range": Object {
      "end": Object {
        "character": 19,
        "line": 5,
      },
      "start": Object {
        "character": 4,
        "line": 4,
      },
    },
    "severity": 1,
    "source": undefined,
    "summary": "Tag object should have a \`description\`.",
  },
]
`;
