// Jest Snapshot v1, https://goo.gl/fbAQLP

exports[`host-trailing-slash return errors if host url ends with a slash 1`] = `
Array [
  Object {
    "code": "host-trailing-slash",
    "message": "Server URL should not have a trailing slash.",
    "path": Array [
      "host",
    ],
    "range": Object {
      "end": Object {
        "character": 25,
        "line": 3,
      },
      "start": Object {
        "character": 10,
        "line": 3,
      },
    },
    "severity": 1,
    "source": undefined,
    "summary": "Server URL should not have a trailing slash.",
  },
]
`;
