// Jest Snapshot v1, https://goo.gl/fbAQLP

exports[`model-description return errors if a definition is missing description 1`] = `
Array [
  Object {
    "code": "model-description",
    "message": "Definition \`description\` must be present and non-empty string.",
    "path": Array [
      "definitions",
      "user",
      "description",
    ],
    "range": Object {
      "end": Object {
        "character": 14,
        "line": 5,
      },
      "start": Object {
        "character": 11,
        "line": 5,
      },
    },
    "severity": 1,
    "source": undefined,
    "summary": "Definition \`description\` must be present and non-empty string.",
  },
]
`;
